@cd /d %ING_SRC%\admin
@cd /d %ING_SRC%\admin\install
@cd /d %ING_SRC%\admin\install\auth
@cd /d %ING_SRC%\admin\install\dbtmplt
@cd /d %ING_SRC%\admin\install\dbtmpltbs
@cd /d %ING_SRC%\admin\install\shell
@cd /d %ING_SRC%\admin\install\specials
@cd /d %ING_SRC%\back
@cd /d %ING_SRC%\back\ascf
@cd /d %ING_SRC%\back\ascf\ascd
@cd /d %ING_SRC%\back\ascf\ascf
@cd /d %ING_SRC%\back\ascf\ascs
@cd /d %ING_SRC%\back\ascf\asct
@cd /d %ING_SRC%\back\awsf
@cd /d %ING_SRC%\back\awsf\hdr
@cd /d %ING_SRC%\back\awsf\wcs
@cd /d %ING_SRC%\back\awsf\wmo
@cd /d %ING_SRC%\back\awsf\wps
@cd /d %ING_SRC%\back\awsf\wsfcom
@cd /d %ING_SRC%\back\awsf\wsm
@cd /d %ING_SRC%\back\awsf\wss
@cd /d %ING_SRC%\back\awsf\wts
@cd /d %ING_SRC%\back\bin
@cd /d %ING_SRC%\back\dmf
@cd /d %ING_SRC%\back\dmf\dma
@cd /d %ING_SRC%\back\dmf\dmd
@cd /d %ING_SRC%\back\dmf\dmf
@cd /d %ING_SRC%\back\dmf\dmf_win
@cd /d %ING_SRC%\back\dmf\dml
@cd /d %ING_SRC%\back\dmf\dmm
@cd /d %ING_SRC%\back\dmf\dmp
@cd /d %ING_SRC%\back\dmf\dmse
@cd /d %ING_SRC%\back\dmf\dmu
@cd /d %ING_SRC%\back\dmf\dmve
@cd /d %ING_SRC%\back\dmf\dmxe
@cd /d %ING_SRC%\back\dmf\hdr
@cd /d %ING_SRC%\back\dmf\lg
@cd /d %ING_SRC%\back\dmf\lg_win
@cd /d %ING_SRC%\back\dmf\lgk
@cd /d %ING_SRC%\back\dmf\lk
@cd /d %ING_SRC%\back\dmf\specials_win
@cd /d %ING_SRC%\back\gwf
@cd /d %ING_SRC%\back\gwf\gwf
@cd /d %ING_SRC%\back\gwf\gwfsxa
@cd /d %ING_SRC%\back\gwf\gwftest
@cd /d %ING_SRC%\back\gwf\gwm
@cd /d %ING_SRC%\back\gwf\specials_win
@cd /d %ING_SRC%\back\gwf\hdr
@cd /d %ING_SRC%\back\hdr
@cd /d %ING_SRC%\back\hdr\hdr
@cd /d %ING_SRC%\back\lib
@cd /d %ING_SRC%\back\opf
@cd /d %ING_SRC%\back\opf\hdr
@cd /d %ING_SRC%\back\opf\lib
@cd /d %ING_SRC%\back\opf\mms
@cd /d %ING_SRC%\back\opf\opa
@cd /d %ING_SRC%\back\opf\opb
@cd /d %ING_SRC%\back\opf\opc
@cd /d %ING_SRC%\back\opf\opd
@cd /d %ING_SRC%\back\opf\ope
@cd /d %ING_SRC%\back\opf\oph
@cd /d %ING_SRC%\back\opf\opj
@cd /d %ING_SRC%\back\opf\opl
@cd /d %ING_SRC%\back\opf\opn
@cd /d %ING_SRC%\back\opf\opo
@cd /d %ING_SRC%\back\opf\opq
@cd /d %ING_SRC%\back\opf\ops
@cd /d %ING_SRC%\back\opf\opt
@cd /d %ING_SRC%\back\opf\opu
@cd /d %ING_SRC%\back\opf\opv
@cd /d %ING_SRC%\back\opf\opx
@cd /d %ING_SRC%\back\opf\opz
@cd /d %ING_SRC%\back\opf\specials_win
@cd /d %ING_SRC%\back\psf
@cd /d %ING_SRC%\back\psf\hdr
@cd /d %ING_SRC%\back\psf\psf
@cd /d %ING_SRC%\back\psf\psl
@cd /d %ING_SRC%\back\psf\psl\temp
@cd /d %ING_SRC%\back\psf\psq
@cd /d %ING_SRC%\back\psf\pst
@cd /d %ING_SRC%\back\psf\psy
@cd /d %ING_SRC%\back\psf\specials_win
@cd /d %ING_SRC%\back\psf\yacc
@cd /d %ING_SRC%\back\qef
@cd /d %ING_SRC%\back\qef\hdr
@cd /d %ING_SRC%\back\qef\qec
@cd /d %ING_SRC%\back\qef\qed
@cd /d %ING_SRC%\back\qef\qee
@cd /d %ING_SRC%\back\qef\qef
@cd /d %ING_SRC%\back\qef\qek
@cd /d %ING_SRC%\back\qef\qel
@cd /d %ING_SRC%\back\qef\qen
@cd /d %ING_SRC%\back\qef\qeq
@cd /d %ING_SRC%\back\qef\qet
@cd /d %ING_SRC%\back\qef\qeu
@cd /d %ING_SRC%\back\qef\specials_win
@cd /d %ING_SRC%\back\qsf
@cd /d %ING_SRC%\back\qsf\hdr
@cd /d %ING_SRC%\back\qsf\qsd
@cd /d %ING_SRC%\back\qsf\qsf
@cd /d %ING_SRC%\back\qsf\qso
@cd /d %ING_SRC%\back\qsf\qsr
@cd /d %ING_SRC%\back\qsf\qss
@cd /d %ING_SRC%\back\qsf\specials_win
@cd /d %ING_SRC%\back\rdf
@cd /d %ING_SRC%\back\rdf\hdr
@cd /d %ING_SRC%\back\rdf\rdf
@cd /d %ING_SRC%\back\rdf\specials_win
@cd /d %ING_SRC%\back\rqf
@cd /d %ING_SRC%\back\rqf\hdr
@cd /d %ING_SRC%\back\rqf\rqf
@cd /d %ING_SRC%\back\rqf\rqu
@cd /d %ING_SRC%\back\rqf\specials_win
@cd /d %ING_SRC%\back\scf
@cd /d %ING_SRC%\back\scf\hdr
@cd /d %ING_SRC%\back\scf\sc0
@cd /d %ING_SRC%\back\scf\sca
@cd /d %ING_SRC%\back\scf\scc
@cd /d %ING_SRC%\back\scf\scd
@cd /d %ING_SRC%\back\scf\sce
@cd /d %ING_SRC%\back\scf\scf
@cd /d %ING_SRC%\back\scf\scs
@cd /d %ING_SRC%\back\scf\scu
@cd /d %ING_SRC%\back\scf\specials_win
@cd /d %ING_SRC%\back\scf\udt
@cd /d %ING_SRC%\back\sxf
@cd /d %ING_SRC%\back\sxf\hdr
@cd /d %ING_SRC%\back\sxf\specials_win
@cd /d %ING_SRC%\back\sxf\sxa
@cd /d %ING_SRC%\back\sxf\sxap
@cd /d %ING_SRC%\back\sxf\sxapo
@cd /d %ING_SRC%\back\sxf\sxc
@cd /d %ING_SRC%\back\sxf\sxf
@cd /d %ING_SRC%\back\tpf
@cd /d %ING_SRC%\back\tpf\hdr
@cd /d %ING_SRC%\back\tpf\specials_win
@cd /d %ING_SRC%\back\tpf\tp2
@cd /d %ING_SRC%\back\tpf\tpc
@cd /d %ING_SRC%\back\tpf\tpd
@cd /d %ING_SRC%\back\tpf\tpf
@cd /d %ING_SRC%\back\tpf\tpq
@cd /d %ING_SRC%\back\ulf
@cd /d %ING_SRC%\back\ulf\hdr
@cd /d %ING_SRC%\back\ulf\specials_win
@cd /d %ING_SRC%\back\ulf\ulb
@cd /d %ING_SRC%\back\ulf\ulc
@cd /d %ING_SRC%\back\ulf\uld
@cd /d %ING_SRC%\back\ulf\ule
@cd /d %ING_SRC%\back\ulf\ulh
@cd /d %ING_SRC%\back\ulf\ulm
@cd /d %ING_SRC%\back\ulf\uls
@cd /d %ING_SRC%\back\ulf\ult
@cd /d %ING_SRC%\back\ulf\ulx
@cd /d %ING_SRC%\back\urs
@cd /d %ING_SRC%\back\urs\hdr
@cd /d %ING_SRC%\back\urs\urd
@cd /d %ING_SRC%\back\urs\urs
@cd /d %ING_SRC%\back\urs\urt
@cd /d %ING_SRC%\cl
@cd /d %ING_SRC%\cl\bin
@cd /d %ING_SRC%\cl\hdr
@cd /d %ING_SRC%\cl\hdr\hdr
@cd /d %ING_SRC%\cl\hdr\hdr_unix_win
@cd /d %ING_SRC%\cl\hdr\hdr_win
@cd /d %ING_SRC%\common
@cd /d %ING_SRC%\common\adf
@cd /d %ING_SRC%\common\adf\adb
@cd /d %ING_SRC%\common\adf\adc
@cd /d %ING_SRC%\common\adf\ade
@cd /d %ING_SRC%\common\adf\adf
@cd /d %ING_SRC%\common\adf\adg
@cd /d %ING_SRC%\common\adf\adi
@cd /d %ING_SRC%\common\adf\adl
@cd /d %ING_SRC%\common\adf\adm
@cd /d %ING_SRC%\common\adf\admin
@cd /d %ING_SRC%\common\adf\adn
@cd /d %ING_SRC%\common\adf\ads
@cd /d %ING_SRC%\common\adf\adt
@cd /d %ING_SRC%\common\adf\adu
@cd /d %ING_SRC%\common\adf\adx
@cd /d %ING_SRC%\common\adf\hdr
@cd /d %ING_SRC%\common\adf\mms
@cd /d %ING_SRC%\common\adf\specials_win
@cd /d %ING_SRC%\common\aif
@cd /d %ING_SRC%\common\aif\acm
@cd /d %ING_SRC%\common\aif\aip
@cd /d %ING_SRC%\common\aif\ait
@cd /d %ING_SRC%\common\aif\demo
@cd /d %ING_SRC%\common\aif\hdr
@cd /d %ING_SRC%\common\aif\saw
@cd /d %ING_SRC%\common\aif\specials_win
@cd /d %ING_SRC%\common\bin
@cd /d %ING_SRC%\common\cuf
@cd /d %ING_SRC%\common\cuf\ccm
@cd /d %ING_SRC%\common\cuf\cue
@cd /d %ING_SRC%\common\cuf\cui
@cd /d %ING_SRC%\common\cuf\cut
@cd /d %ING_SRC%\common\cuf\hdr
@cd /d %ING_SRC%\common\cuf\specials_win
@cd /d %ING_SRC%\common\ddf
@cd /d %ING_SRC%\common\ddf\ddc
@cd /d %ING_SRC%\common\ddf\ddfcom
@cd /d %ING_SRC%\common\ddf\ddg
@cd /d %ING_SRC%\common\ddf\ddi
@cd /d %ING_SRC%\common\ddf\dds
@cd /d %ING_SRC%\common\ddf\hdr
@cd /d %ING_SRC%\common\ddf\specials_win
@cd /d %ING_SRC%\common\dotnet_win
@cd /d %ING_SRC%\common\dotnet_win\ingres
@cd /d %ING_SRC%\common\dotnet_win\provider
@cd /d %ING_SRC%\common\dotnet_win\res
@cd /d %ING_SRC%\common\dotnet_win\specials
@cd /d %ING_SRC%\common\dotnet_win\vsdesign
@cd /d %ING_SRC%\common\dotnet_win\xaswitch
@cd /d %ING_SRC%\common\dotnet2_win
@cd /d %ING_SRC%\common\dotnet2_win\ingres
@cd /d %ING_SRC%\common\dotnet2_win\install
@cd /d %ING_SRC%\common\dotnet2_win\provider
@cd /d %ING_SRC%\common\dotnet2_win\res
@cd /d %ING_SRC%\common\dotnet2_win\specials
@cd /d %ING_SRC%\common\dotnet2_win\vsdesign
@cd /d %ING_SRC%\common\dotnet2_win\xaswitch
@cd /d %ING_SRC%\common\gcf
@cd /d %ING_SRC%\common\gcf\drivers
@cd /d %ING_SRC%\common\gcf\drivers\krb5
@cd /d %ING_SRC%\common\gcf\files
@cd /d %ING_SRC%\common\gcf\gca
@cd /d %ING_SRC%\common\gcf\gcc
@cd /d %ING_SRC%\common\gcf\gcd
@cd /d %ING_SRC%\common\gcf\gcj
@cd /d %ING_SRC%\common\gcf\gcn
@cd /d %ING_SRC%\common\gcf\gcn_win
@cd /d %ING_SRC%\common\gcf\gco
@cd /d %ING_SRC%\common\gcf\gcr
@cd /d %ING_SRC%\common\gcf\gcs
@cd /d %ING_SRC%\common\gcf\gcu
@cd /d %ING_SRC%\common\gcf\hdr
@cd /d %ING_SRC%\common\gcf\specials_win
@cd /d %ING_SRC%\common\gcf\util
@cd /d %ING_SRC%\common\hdr
@cd /d %ING_SRC%\common\hdr\hdr
@cd /d %ING_SRC%\common\i18n
@cd /d %ING_SRC%\common\i18n\deu
@cd /d %ING_SRC%\common\i18n\esn
@cd /d %ING_SRC%\common\i18n\fra
@cd /d %ING_SRC%\common\i18n\ita
@cd /d %ING_SRC%\common\i18n\jpn
@cd /d %ING_SRC%\common\i18n\ptb
@cd /d %ING_SRC%\common\i18n\sch
@cd /d %ING_SRC%\common\jdbc
@cd /d %ING_SRC%\common\jdbc\hdr
@cd /d %ING_SRC%\common\jdbc\java
@cd /d %ING_SRC%\common\jdbc\jdbc
@cd /d %ING_SRC%\common\jdbc\specials
@cd /d %ING_SRC%\common\jdbc\util
@cd /d %ING_SRC%\common\odbc
@cd /d %ING_SRC%\common\odbc\driver
@cd /d %ING_SRC%\common\odbc\config_win
@cd /d %ING_SRC%\common\odbc\manager
@cd /d %ING_SRC%\common\odbc\trace
@cd /d %ING_SRC%\common\odbc\winspecials_win
@cd /d %ING_SRC%\common\odbc\hdr
@cd /d %ING_SRC%\common\odbc\specials_win
@cd /d %ING_SRC%\common\lib
@cd /d %ING_SRC%\dbutil
@cd /d %ING_SRC%\dbutil\bin
@cd /d %ING_SRC%\dbutil\duf
@cd /d %ING_SRC%\dbutil\duf\cvsync60
@cd /d %ING_SRC%\dbutil\duf\dub
@cd /d %ING_SRC%\dbutil\duf\duc
@cd /d %ING_SRC%\dbutil\duf\dud
@cd /d %ING_SRC%\dbutil\duf\dui
@cd /d %ING_SRC%\dbutil\duf\dus
@cd /d %ING_SRC%\dbutil\duf\duu
@cd /d %ING_SRC%\dbutil\duf\duv
@cd /d %ING_SRC%\dbutil\duf\duv_win
@cd /d %ING_SRC%\dbutil\duf\duve
@cd /d %ING_SRC%\dbutil\duf\duve_win
@cd /d %ING_SRC%\dbutil\duf\hdr
@cd /d %ING_SRC%\dbutil\duf\specials_unix
@cd /d %ING_SRC%\dbutil\lib
@cd /d %ING_SRC%\front
@cd /d %ING_SRC%\front\abf
@cd /d %ING_SRC%\front\abf\abf
@cd /d %ING_SRC%\front\abf\abfdemo
@cd /d %ING_SRC%\front\abf\abfimage
@cd /d %ING_SRC%\front\abf\abfrt
@cd /d %ING_SRC%\front\abf\abfrts
@cd /d %ING_SRC%\front\abf\cautil
@cd /d %ING_SRC%\front\abf\codegen
@cd /d %ING_SRC%\front\abf\copyapp
@cd /d %ING_SRC%\front\abf\dcl
@cd /d %ING_SRC%\front\abf\fg
@cd /d %ING_SRC%\front\abf\gn
@cd /d %ING_SRC%\front\abf\hdr
@cd /d %ING_SRC%\front\abf\iaom
@cd /d %ING_SRC%\front\abf\ilg
@cd /d %ING_SRC%\front\abf\ilrf
@cd /d %ING_SRC%\front\abf\impexp
@cd /d %ING_SRC%\front\abf\interp
@cd /d %ING_SRC%\front\abf\ioi
@cd /d %ING_SRC%\front\abf\mgram
@cd /d %ING_SRC%\front\abf\oldosl
@cd /d %ING_SRC%\front\abf\osl
@cd /d %ING_SRC%\front\abf\quel
@cd /d %ING_SRC%\front\abf\shell
@cd /d %ING_SRC%\front\abf\specials_win
@cd /d %ING_SRC%\front\abf\sql
@cd /d %ING_SRC%\front\abf\visitut
@cd /d %ING_SRC%\front\abf\vq
@cd /d %ING_SRC%\front\bin
@cd /d %ING_SRC%\front\dbiembed
@cd /d %ING_SRC%\front\dbiembed\dbic
@cd /d %ING_SRC%\front\dbiembed\dbicsq
@cd /d %ING_SRC%\front\dbiembed\dbiequel
@cd /d %ING_SRC%\front\dbiembed\dbsetup
@cd /d %ING_SRC%\front\dbiembed\hdr
@cd /d %ING_SRC%\front\dbiembed\mgram
@cd /d %ING_SRC%\front\dbiembed\qbdummy
@cd /d %ING_SRC%\front\dbiembed\qbo
@cd /d %ING_SRC%\front\dbiembed\qbss
@cd /d %ING_SRC%\front\dbiembed\qcutil
@cd /d %ING_SRC%\front\dbiembed\ql
@cd /d %ING_SRC%\front\dbiembed\qp
@cd /d %ING_SRC%\front\dbiembed\thunk32
@cd /d %ING_SRC%\front\dict
@cd /d %ING_SRC%\front\dict\dictfile
@cd /d %ING_SRC%\front\dict\dictutil
@cd /d %ING_SRC%\front\demo
@cd /d %ING_SRC%\front\demo\csharp
@cd /d %ING_SRC%\front\demo\csharp\IngresDemoApp
@cd /d %ING_SRC%\front\demo\csharp\IngresDemoApp\Help
@cd /d %ING_SRC%\front\demo\csharp\IngresDemoApp\Properties
@cd /d %ING_SRC%\front\demo\csharp\IngresDemoApp\Resources
@cd /d %ING_SRC%\front\demo\data
@cd /d %ING_SRC%\front\embed
@cd /d %ING_SRC%\front\embed\ada_unix
@cd /d %ING_SRC%\front\embed\adasq_unix
@cd /d %ING_SRC%\front\embed\basic
@cd /d %ING_SRC%\front\embed\basicsq
@cd /d %ING_SRC%\front\embed\c
@cd /d %ING_SRC%\front\embed\cobol
@cd /d %ING_SRC%\front\embed\cobolsq
@cd /d %ING_SRC%\front\embed\copy
@cd /d %ING_SRC%\front\embed\csq
@cd /d %ING_SRC%\front\embed\dclgen
@cd /d %ING_SRC%\front\embed\esqlcobdemo_win
@cd /d %ING_SRC%\front\embed\esqldemo_win
@cd /d %ING_SRC%\front\embed\equel
@cd /d %ING_SRC%\front\embed\fortran
@cd /d %ING_SRC%\front\embed\fortransq
@cd /d %ING_SRC%\front\embed\hdr
@cd /d %ING_SRC%\front\embed\libq
@cd /d %ING_SRC%\front\embed\libqgca
@cd /d %ING_SRC%\front\embed\libqtxxa
@cd /d %ING_SRC%\front\embed\libqxa
@cd /d %ING_SRC%\front\embed\mgram
@cd /d %ING_SRC%\front\embed\pascal
@cd /d %ING_SRC%\front\embed\pascalsq
@cd /d %ING_SRC%\front\embed\pl1
@cd /d %ING_SRC%\front\embed\pl1sq
@cd /d %ING_SRC%\front\embed\raat
@cd /d %ING_SRC%\front\embed\sqlca
@cd /d %ING_SRC%\front\embed\specials_win
@cd /d %ING_SRC%\front\frame
@cd /d %ING_SRC%\front\frame\compfrm
@cd /d %ING_SRC%\front\frame\copyform
@cd /d %ING_SRC%\front\frame\formindex
@cd /d %ING_SRC%\front\frame\frame
@cd /d %ING_SRC%\front\frame\hdr
@cd /d %ING_SRC%\front\frame\printform
@cd /d %ING_SRC%\front\frame\runtime
@cd /d %ING_SRC%\front\frame\specials_win
@cd /d %ING_SRC%\front\frame\tbacc
@cd /d %ING_SRC%\front\frame\valid
@cd /d %ING_SRC%\front\frontcl
@cd /d %ING_SRC%\front\frontcl\dcl
@cd /d %ING_SRC%\front\frontcl\files
@cd /d %ING_SRC%\front\frontcl\files_nt_win
@cd /d %ING_SRC%\front\frontcl\files_unix
@cd /d %ING_SRC%\front\frontcl\files_unix_win
@cd /d %ING_SRC%\front\frontcl\files_vms
@cd /d %ING_SRC%\front\frontcl\fmsginst
@cd /d %ING_SRC%\front\frontcl\ft
@cd /d %ING_SRC%\front\frontcl\gt
@cd /d %ING_SRC%\front\frontcl\hdr
@cd /d %ING_SRC%\front\frontcl\libqsys
@cd /d %ING_SRC%\front\frontcl\linkopt
@cd /d %ING_SRC%\front\frontcl\mt
@cd /d %ING_SRC%\front\frontcl\runsys
@cd /d %ING_SRC%\front\frontcl\sharesys
@cd /d %ING_SRC%\front\frontcl\shell
@cd /d %ING_SRC%\front\frontcl\specials
@cd /d %ING_SRC%\front\frontcl\specials_unix
@cd /d %ING_SRC%\front\frontcl\termdr
@cd /d %ING_SRC%\front\frontcl\vt
@cd /d %ING_SRC%\front\graphics
@cd /d %ING_SRC%\front\graphics\graf
@cd /d %ING_SRC%\front\graphics\hdr
@cd /d %ING_SRC%\front\ice
@cd /d %ING_SRC%\front\ice\DTD
@cd /d %ING_SRC%\front\ice\c_api
@cd /d %ING_SRC%\front\ice\cf_win
@cd /d %ING_SRC%\front\ice\cgi
@cd /d %ING_SRC%\front\ice\hdr
@cd /d %ING_SRC%\front\ice\iceclient
@cd /d %ING_SRC%\front\ice\iceconf
@cd /d %ING_SRC%\front\ice\icestack
@cd /d %ING_SRC%\front\ice\icetool
@cd /d %ING_SRC%\front\ice\icetranslate
@cd /d %ING_SRC%\front\ice\icetutor
@cd /d %ING_SRC%\front\ice\images
@cd /d %ING_SRC%\front\ice\install_win
@cd /d %ING_SRC%\front\ice\lib
@cd /d %ING_SRC%\front\ice\apache
@cd /d %ING_SRC%\front\ice\microsoft_win
@cd /d %ING_SRC%\front\ice\netscape
@cd /d %ING_SRC%\front\ice\netscape\base
@cd /d %ING_SRC%\front\ice\plays
@cd /d %ING_SRC%\front\ice\plays\demo
@cd /d %ING_SRC%\front\ice\plays\src
@cd /d %ING_SRC%\front\ice\plays\tutorialGuide
@cd /d %ING_SRC%\front\ice\public
@cd /d %ING_SRC%\front\ice\samples
@cd /d %ING_SRC%\front\ice\samples\app
@cd /d %ING_SRC%\front\ice\samples\dbproc
@cd /d %ING_SRC%\front\ice\samples\query
@cd /d %ING_SRC%\front\ice\samples\report
@cd /d %ING_SRC%\front\ice\scripts
@cd /d %ING_SRC%\front\ice\specials_win
@cd /d %ING_SRC%\front\ice\xerces
@cd /d %ING_SRC%\front\hdr
@cd /d %ING_SRC%\front\hdr\hdr
@cd /d %ING_SRC%\front\jasinst
@cd /d %ING_SRC%\front\jasinst\slide
@cd /d %ING_SRC%\front\jasinst\splash
@cd /d %ING_SRC%\front\lib
@cd /d %ING_SRC%\front\misc
@cd /d %ING_SRC%\front\misc\chinst
@cd /d %ING_SRC%\front\misc\chsfiles
@cd /d %ING_SRC%\front\misc\copydb
@cd /d %ING_SRC%\front\misc\delobj
@cd /d %ING_SRC%\front\misc\diag
@cd /d %ING_SRC%\front\misc\genxml
@cd /d %ING_SRC%\front\misc\hdr
@cd /d %ING_SRC%\front\misc\impxml
@cd /d %ING_SRC%\front\misc\ingcntrl
@cd /d %ING_SRC%\front\misc\ingmenu
@cd /d %ING_SRC%\front\misc\tables
@cd /d %ING_SRC%\front\misc\unloaddb
@cd /d %ING_SRC%\front\misc\xferdb
@cd /d %ING_SRC%\front\misc\convtouni
@cd /d %ING_SRC%\front\oidinst
@cd /d %ING_SRC%\front\oidinst\slide
@cd /d %ING_SRC%\front\oidinst\splash
@cd /d %ING_SRC%\front\qbf
@cd /d %ING_SRC%\front\qbf\hdr
@cd /d %ING_SRC%\front\qbf\qbf
@cd /d %ING_SRC%\front\rep
@cd /d %ING_SRC%\front\rep\shell_win
@cd /d %ING_SRC%\front\rep\hdr
@cd /d %ING_SRC%\front\rep\repcomn
@cd /d %ING_SRC%\front\rep\repfiles
@cd /d %ING_SRC%\front\rep\repmgr
@cd /d %ING_SRC%\front\rep\repserv
@cd /d %ING_SRC%\front\rep\repserv_win
@cd /d %ING_SRC%\front\report
@cd /d %ING_SRC%\front\report\copyrep
@cd /d %ING_SRC%\front\report\hdr
@cd /d %ING_SRC%\front\report\rbf
@cd /d %ING_SRC%\front\report\report
@cd /d %ING_SRC%\front\report\rfvifred
@cd /d %ING_SRC%\front\report\sreport
@cd /d %ING_SRC%\front\st
@cd /d %ING_SRC%\front\st\bat
@cd /d %ING_SRC%\front\st\shell_win
@cd /d %ING_SRC%\front\st\checkisc_win
@cd /d %ING_SRC%\front\st\client_inst_win
@cd /d %ING_SRC%\front\st\config
@cd /d %ING_SRC%\front\st\crsfiles
@cd /d %ING_SRC%\front\st\crsnt
@cd /d %ING_SRC%\front\st\dcl
@cd /d %ING_SRC%\front\st\dllbmp_win
@cd /d %ING_SRC%\front\st\dp_win
@cd /d %ING_SRC%\front\st\enterprise_dll_win
@cd /d %ING_SRC%\front\st\enterprise_inst_win
@cd /d %ING_SRC%\front\st\enterprise_is_win
@cd /d %ING_SRC%\front\st\enterprise_pixmap_unix_win
@cd /d %ING_SRC%\front\st\enterprise_preinst_win
@cd /d %ING_SRC%\front\st\gpl_pixmap_unix_win
@cd /d %ING_SRC%\front\st\eval_cd_win
@cd /d %ING_SRC%\front\st\gwdm_win
@cd /d %ING_SRC%\front\st\gateway_inst
@cd /d %ING_SRC%\front\st\hdr
@cd /d %ING_SRC%\front\st\iigetver_win
@cd /d %ING_SRC%\front\st\iilink_win
@cd /d %ING_SRC%\front\st\iinstnt
@cd /d %ING_SRC%\front\st\iipostinst_win
@cd /d %ING_SRC%\front\st\install
@cd /d %ING_SRC%\front\st\installcf
@cd /d %ING_SRC%\front\st\install_nt_win
@cd /d %ING_SRC%\front\st\install_unix
@cd /d %ING_SRC%\front\st\installcf_win
@cd /d %ING_SRC%\front\st\ipm
@cd /d %ING_SRC%\front\st\makeimg_win
@cd /d %ING_SRC%\front\st\netutil
@cd /d %ING_SRC%\front\st\os_2
@cd /d %ING_SRC%\front\st\patch_win
@cd /d %ING_SRC%\front\st\patch_win\tools
@cd /d %ING_SRC%\front\st\perfmon_win
@cd /d %ING_SRC%\front\st\perfwiz_win
@cd /d %ING_SRC%\front\st\pfserver
@cd /d %ING_SRC%\front\st\shell
@cd /d %ING_SRC%\front\st\sidekick
@cd /d %ING_SRC%\front\st\specials_nt_win
@cd /d %ING_SRC%\front\st\starview
@cd /d %ING_SRC%\front\st\temp_nt
@cd /d %ING_SRC%\front\st\temp_nt\backup
@cd /d %ING_SRC%\front\st\tngapi_win
@cd /d %ING_SRC%\front\st\util
@cd /d %ING_SRC%\front\st\util_win
@cd /d %ING_SRC%\front\st\uninstall_win
@cd /d %ING_SRC%\front\st\vardlg_win
@cd /d %ING_SRC%\front\st\vdba
@cd /d %ING_SRC%\front\st\winbat_win
@cd /d %ING_SRC%\front\st\wincluster_win
@cd /d %ING_SRC%\front\st\windo_win
@cd /d %ING_SRC%\front\st\winstall_win
@cd /d %ING_SRC%\front\st\winstart
@cd /d %ING_SRC%\front\st\winstart_win
@cd /d %ING_SRC%\front\st\winstop_win
@cd /d %ING_SRC%\front\st\ingclean
@cd /d %ING_SRC%\front\tm
@cd /d %ING_SRC%\front\tm\fstm
@cd /d %ING_SRC%\front\tm\hdr
@cd /d %ING_SRC%\front\tm\monitor
@cd /d %ING_SRC%\front\tm\qr
@cd /d %ING_SRC%\front\tools
@cd /d %ING_SRC%\front\tools\deleter
@cd /d %ING_SRC%\front\tools\eqmerge
@cd /d %ING_SRC%\front\tools\ercheck
@cd /d %ING_SRC%\front\tools\erconvert
@cd /d %ING_SRC%\front\tools\ererrcnv
@cd /d %ING_SRC%\front\tools\ermake
@cd /d %ING_SRC%\front\tools\ernext
@cd /d %ING_SRC%\front\tools\erxtract
@cd /d %ING_SRC%\front\tools\hdr
@cd /d %ING_SRC%\tools\techpub
@cd /d %ING_SRC%\tools\techpub\genrn
@cd /d %ING_SRC%\tools\techpub\pdf
@cd /d %ING_SRC%\front\tools\pgbig
@cd /d %ING_SRC%\front\tools\yacc
@cd /d %ING_SRC%\front\tools\yapp
@cd /d %ING_SRC%\front\tools\yycase
@cd /d %ING_SRC%\front\tools\yystrip
@cd /d %ING_SRC%\front\utils
@cd /d %ING_SRC%\front\utils\afe
@cd /d %ING_SRC%\front\utils\copyutil
@cd /d %ING_SRC%\front\utils\feds
@cd /d %ING_SRC%\front\utils\fmt
@cd /d %ING_SRC%\front\utils\generate
@cd /d %ING_SRC%\front\utils\hdr
@cd /d %ING_SRC%\front\utils\oo
@cd /d %ING_SRC%\front\utils\tblutil
@cd /d %ING_SRC%\front\utils\uf
@cd /d %ING_SRC%\front\utils\ug
@cd /d %ING_SRC%\front\utils\ui
@cd /d %ING_SRC%\front\utm
@cd /d %ING_SRC%\front\utm\gcnext
@cd /d %ING_SRC%\front\utm\hdr
@cd /d %ING_SRC%\front\utm\hdr\win32
@cd /d %ING_SRC%\front\utm\jni
@cd /d %ING_SRC%\front\utm\specials
@cd /d %ING_SRC%\front\utm\specials\utmtemplates
@cd /d %ING_SRC%\front\utm\vtmhelp
@cd /d %ING_SRC%\front\vdba
@cd /d %ING_SRC%\front\vdba\adbtofst_win
@cd /d %ING_SRC%\front\vdba\camask
@cd /d %ING_SRC%\front\vdba\caspin_win
@cd /d %ING_SRC%\front\vdba\catolist_win
@cd /d %ING_SRC%\front\vdba\containr_win
@cd /d %ING_SRC%\front\vdba\dataldr_win
@cd /d %ING_SRC%\front\vdba\dbadlg1_win
@cd /d %ING_SRC%\front\vdba\ija_win
@cd /d %ING_SRC%\front\vdba\hdr_win
@cd /d %ING_SRC%\front\vdba\ijactrl_win
@cd /d %ING_SRC%\front\vdba\ipm_win
@cd /d %ING_SRC%\front\vdba\ivm_win
@cd /d %ING_SRC%\front\vdba\lbtreelp_win
@cd /d %ING_SRC%\front\vdba\libextnc_win
@cd /d %ING_SRC%\front\vdba\libguids_win
@cd /d %ING_SRC%\front\vdba\libingll_win
@cd /d %ING_SRC%\front\vdba\libmon_win
@cd /d %ING_SRC%\front\vdba\libtree_win
@cd /d %ING_SRC%\front\vdba\libwctrl_win
@cd /d %ING_SRC%\front\vdba\mainmfc_win
@cd /d %ING_SRC%\front\vdba\nanact_win
@cd /d %ING_SRC%\front\vdba\rmcmd
@cd /d %ING_SRC%\front\vdba\sqlquery_win
@cd /d %ING_SRC%\front\vdba\svriia_win
@cd /d %ING_SRC%\front\vdba\svrsqlas_win
@cd /d %ING_SRC%\front\vdba\tkanimat_win
@cd /d %ING_SRC%\front\vdba\tksplash_win
@cd /d %ING_SRC%\front\vdba\treedll_win
@cd /d %ING_SRC%\front\vdba\vcbf_win
@cd /d %ING_SRC%\front\vdba\vcda_win
@cd /d %ING_SRC%\front\vdba\vnodemgr_win
@cd /d %ING_SRC%\front\vdba\vsda_win
@cd /d %ING_SRC%\front\vdba\winmain_win
@cd /d %ING_SRC%\front\vdba\xiea_win
@cd /d %ING_SRC%\front\vdba\xiia_win
@cd /d %ING_SRC%\front\vdba\xipm_win
@cd /d %ING_SRC%\front\vdba\xsql_win
@cd /d %ING_SRC%\front\vdba\xvcda_win
@cd /d %ING_SRC%\front\vdba\xvdda_win
@cd /d %ING_SRC%\front\vifred
@cd /d %ING_SRC%\front\vifred\hdr
@cd /d %ING_SRC%\front\vifred\vifred
@cd /d %ING_SRC%\front\web
@cd /d %ING_SRC%\front\web\blobstor
@cd /d %ING_SRC%\front\web\iadi
@cd /d %ING_SRC%\front\web\icm
@cd /d %ING_SRC%\front\web\insapi
@cd /d %ING_SRC%\front\web\hdr
@cd /d %ING_SRC%\front\web\install
@cd /d %ING_SRC%\front\web\macrodemo
@cd /d %ING_SRC%\front\web\sgsvr
@cd /d %ING_SRC%\front\web\sgsvr_win
@cd /d %ING_SRC%\front\web\webdemo
@cd /d %ING_SRC%\front\web\iia
@cd /d %ING_SRC%\front\web\icm
@cd /d %ING_SRC%\front\web\ice2
@cd /d %ING_SRC%\front\web\idb
@cd /d %ING_SRC%\gl
@cd /d %ING_SRC%\gl\bin
@cd /d %ING_SRC%\gl\glf
@cd /d %ING_SRC%\gl\glf\ba
@cd /d %ING_SRC%\gl\glf\bt
@cd /d %ING_SRC%\gl\glf\cp
@cd /d %ING_SRC%\gl\glf\cx
@cd /d %ING_SRC%\gl\glf\ergl
@cd /d %ING_SRC%\gl\glf\hsh
@cd /d %ING_SRC%\gl\glf\lc
@cd /d %ING_SRC%\gl\glf\ll
@cd /d %ING_SRC%\gl\glf\megl
@cd /d %ING_SRC%\gl\glf\mm
@cd /d %ING_SRC%\gl\glf\mo
@cd /d %ING_SRC%\gl\glf\mu
@cd /d %ING_SRC%\gl\glf\pm
@cd /d %ING_SRC%\gl\glf\sp
@cd /d %ING_SRC%\gl\glf\tmgl
@cd /d %ING_SRC%\gl\hdr
@cd /d %ING_SRC%\gl\hdr\hdr
@cd /d %ING_SRC%\gl\lib
@cd /d %ING_SRC%\lib
@cd /d %ING_SRC%\tools
@cd /d %ING_SRC%\tools\bin
@cd /d %ING_SRC%\tools\port
@cd /d %ING_SRC%\tools\port\shell_win
@cd /d %ING_SRC%\tools\port\conf
@cd /d %ING_SRC%\tools\port\cpp
@cd /d %ING_SRC%\tools\port\defs_win
@cd /d %ING_SRC%\tools\port\eval
@cd /d %ING_SRC%\tools\port\hdr
@cd /d %ING_SRC%\tools\port\jam
@cd /d %ING_SRC%\tools\port\others
@cd /d %ING_SRC%\tools\port\POLICY
@cd /d %ING_SRC%\tools\port\qac
@cd /d %ING_SRC%\tools\port\release
@cd /d %ING_SRC%\tools\port\resource_win
@cd /d %ING_SRC%\tools\port\scpp
@cd /d %ING_SRC%\tools\port\sm
@cd /d %ING_SRC%\tools\port\specials
@cd /d %ING_SRC%\tools\port\userenv


@cd /d %ING_SRC%\tools\port\make_win
@cd /d %ING_SRC%\tools\port\srclist_win
@cd /d %ING_SRC%\tools\port\dirlist_win


@cd /d %ING_SRC%\cl\clf
@cd /d %ING_SRC%\cl\clf\ci_unix_win
@cd /d %ING_SRC%\cl\clf\ck_unix_win
@cd /d %ING_SRC%\cl\clf\cm_unix_win
@cd /d %ING_SRC%\cl\clf\cs_win
@cd /d %ING_SRC%\cl\clf\csmt
@cd /d %ING_SRC%\cl\clf\cv_unix_win
@cd /d %ING_SRC%\cl\clf\deffiles
@cd /d %ING_SRC%\cl\clf\di_unix
@cd /d %ING_SRC%\cl\clf\di_win
@cd /d %ING_SRC%\cl\clf\dl_unix
@cd /d %ING_SRC%\cl\clf\dl_win
@cd /d %ING_SRC%\cl\clf\dl32
@cd /d %ING_SRC%\cl\clf\ds_unix_win
@cd /d %ING_SRC%\cl\clf\er_unix_win
@cd /d %ING_SRC%\cl\clf\er\backup
@cd /d %ING_SRC%\cl\clf\er62
@cd /d %ING_SRC%\cl\clf\erold_unix
@cd /d %ING_SRC%\cl\clf\ex_unix
@cd /d %ING_SRC%\cl\clf\ex_win
@cd /d %ING_SRC%\cl\clf\fp_unix_win
@cd /d %ING_SRC%\cl\clf\gc_unix
@cd /d %ING_SRC%\cl\clf\gc_win
@cd /d %ING_SRC%\cl\clf\gv_unix_win
@cd /d %ING_SRC%\cl\clf\gv_win
@cd /d %ING_SRC%\cl\clf\handy_unix_win
@cd /d %ING_SRC%\cl\clf\handy_win
@cd /d %ING_SRC%\cl\clf\hdr_win
@cd /d %ING_SRC%\cl\clf\hdr_unix_win
@cd /d %ING_SRC%\cl\clf\id_unix
@cd /d %ING_SRC%\cl\clf\id_win
@cd /d %ING_SRC%\cl\clf\jf_unix_win
@cd /d %ING_SRC%\cl\clf\lo_unix_win
@cd /d %ING_SRC%\cl\clf\lo_unix
@cd /d %ING_SRC%\cl\clf\lo_win
@cd /d %ING_SRC%\cl\clf\malloc
@cd /d %ING_SRC%\cl\clf\me_unix
@cd /d %ING_SRC%\cl\clf\me_win
@cd /d %ING_SRC%\cl\clf\mh_unix_win
@cd /d %ING_SRC%\cl\clf\mucl_unix
@cd /d %ING_SRC%\cl\clf\mucl_win
@cd /d %ING_SRC%\cl\clf\nm_unix
@cd /d %ING_SRC%\cl\clf\nm_win
@cd /d %ING_SRC%\cl\clf\ol_unix_win
@cd /d %ING_SRC%\cl\clf\pc_unix
@cd /d %ING_SRC%\cl\clf\pc_win
@cd /d %ING_SRC%\cl\clf\pe_unix
@cd /d %ING_SRC%\cl\clf\pe_win
@cd /d %ING_SRC%\cl\clf\pf
@cd /d %ING_SRC%\cl\clf\qu_unix_win
@cd /d %ING_SRC%\cl\clf\sa_unix_win
@cd /d %ING_SRC%\cl\clf\sd_unix_win
@cd /d %ING_SRC%\cl\clf\si_unix
@cd /d %ING_SRC%\cl\clf\si_win
@cd /d %ING_SRC%\cl\clf\sl_unix_win
@cd /d %ING_SRC%\cl\clf\specials_unix
@cd /d %ING_SRC%\cl\clf\specials_win
@cd /d %ING_SRC%\cl\clf\sr_unix_win
@cd /d %ING_SRC%\cl\clf\st_unix_win
@cd /d %ING_SRC%\cl\clf\stub_win
@cd /d %ING_SRC%\cl\clf\st\backup
@cd /d %ING_SRC%\cl\clf\tc_unix
@cd /d %ING_SRC%\cl\clf\tc_win
@cd /d %ING_SRC%\cl\clf\te_unix
@cd /d %ING_SRC%\cl\clf\te_win
@cd /d %ING_SRC%\cl\clf\tm_unix
@cd /d %ING_SRC%\cl\clf\tm_win
@cd /d %ING_SRC%\cl\clf\tr_unix_win
@cd /d %ING_SRC%\cl\clf\ut_unix_win
@cd /d %ING_SRC%\cl\clf\ut_unix
@cd /d %ING_SRC%\cl\clf\ut_win


@cd /d %ING_SRC%\testtool
@cd /d %ING_SRC%\testtool\achilles
@cd /d %ING_SRC%\testtool\achilles\achilles
@cd /d %ING_SRC%\testtool\achilles\achilles_win
@cd /d %ING_SRC%\testtool\achilles\achilles_unix
@cd /d %ING_SRC%\testtool\achilles\hdr
@cd /d %ING_SRC%\testtool\achilles\acstart
@cd /d %ING_SRC%\testtool\amts
@cd /d %ING_SRC%\testtool\amts\amts
@cd /d %ING_SRC%\testtool\bin
@cd /d %ING_SRC%\testtool\cts
@cd /d %ING_SRC%\testtool\cts\cts
@cd /d %ING_SRC%\testtool\lex
@cd /d %ING_SRC%\testtool\lex\lex
@cd /d %ING_SRC%\testtool\lib
@cd /d %ING_SRC%\testtool\make
@cd /d %ING_SRC%\testtool\mts
@cd /d %ING_SRC%\testtool\mts\mts
@cd /d %ING_SRC%\testtool\sep
@cd /d %ING_SRC%\testtool\sep\files
@cd /d %ING_SRC%\testtool\sep\files_win
@cd /d %ING_SRC%\testtool\sep\hdr
@cd /d %ING_SRC%\testtool\sep\listexec
@cd /d %ING_SRC%\testtool\sep\notes
@cd /d %ING_SRC%\testtool\sep\sep
@cd /d %ING_SRC%\testtool\sep\sepcl_unix_win
@cd /d %ING_SRC%\testtool\sep\sepcl_win
@cd /d %ING_SRC%\testtool\sep\sepdiff
@cd /d %ING_SRC%\testtool\sep\septests
@cd /d %ING_SRC%\testtool\sep\septool_unix_win
@cd /d %ING_SRC%\testtool\sep\septool_win
@cd /d %ING_SRC%\testtool\tools
@cd /d %ING_SRC%\sig
@cd /d %ING_SRC%\sig\bin
@cd /d %ING_SRC%\sig\lib
@cd /d %ING_SRC%\sig\dp
@cd /d %ING_SRC%\sig\dp\dp
@cd /d %ING_SRC%\sig\errhelp
@cd /d %ING_SRC%\sig\errhelp\errhelp
@cd /d %ING_SRC%\sig\abfpatch
@cd /d %ING_SRC%\sig\abfpatch\abfpatch
@cd /d %ING_SRC%\sig\ima
@cd /d %ING_SRC%\sig\ima\ima
@cd /d %ING_SRC%\sig\openapi
@cd /d %ING_SRC%\sig\openapi\syncapiw
@cd /d %ING_SRC%\sig\rep
@cd /d %ING_SRC%\sig\rep\rpclean
@cd /d %ING_SRC%\sig\secure
@cd /d %ING_SRC%\sig\secure\auditmgr
@cd /d %ING_SRC%\sig\star
@cd /d %ING_SRC%\sig\star\star
@cd /d %ING_SRC%\sig\tz
@cd /d %ING_SRC%\sig\tz\tz
@cd /d %ING_SRC%\sig\imp
@cd /d %ING_SRC%\sig\imp\imp
@cd /d %ING_SRC%\treasure
@cd /d %ING_SRC%\treasure\NT
@cd /d %ING_SRC%\treasure\NT\CA_LIC
@cd /d %ING_SRC%\treasure\NT\CA_LIC\98
@cd /d %ING_SRC%\treasure\NT\CA_LIC\98\doc
@cd /d %ING_SRC%\treasure\NT\CA_LIC\98\h
@cd /d %ING_SRC%\treasure\NT\CA_LIC\98\inst
@cd /d %ING_SRC%\treasure\NT\CA_LIC\98\utils
@cd /d %II_SYSTEM%\ingres\bin
@cd /d %II_SYSTEM%\ingres\files
@cd /d %II_SYSTEM%\ingres\utility
@cd /d %II_SYSTEM%\ingres\files\memory
@cd /d %II_SYSTEM%\ingres\files\utmtemplates
@cd /d %II_SYSTEM%\ingres\files\english
@cd /d %II_SYSTEM%\ingres\files\english\vtmhelp
@cd /d %II_SYSTEM%\ingres\files\charsets
