/* Copyright (c) 2004 Ingres Corporation */
/* FRS mapping file for ANSI with Function Keys */

/* Menu Key */
	menu = pf2 (F2)

/* Help Facility */
	frskey1 = pf1 (F1)

/* Exit the system */
	frskey2 = pf6 (F6)

/* Exit the frame, returning to previous frame */
	frskey3 = pf10 (F10)

/* Execute function */
	frskey4 = pf9 (F9)

/* Move to top of table field */
	frskey5 = pf16 (C1)

/* Move to bottom of table field */
	frskey6 = pf18 (C3)

/* Search table field for specified string */
	frskey7 = pf5 (F5)

/* Save object in database */
	frskey8 = pf3 (F3)

/* Undo last action or forget changes made in frame */
	frskey9 = pf7 (F7)

/* Move left one space within a field */
	leftchar = controlH (^H)

/* Move right one space within a field */
	rightchar = controlL (^L)

/* Move down one line */
	downline = controlJ (^J)

/* Move up one line */
	upline = controlK (^K)

/* Scroll left on a form */
	scrollleft = controlO (^O)

/* Scroll right on a form */
	scrollright = controlU (^U)

/* Previous screen or set of rows in table field */
	scrolldown = pf17 (C2)

/* Next screen or set of rows in table field */
	scrollup = pf19 (C4)

/* Select first menu item */
	menuitem1 = pf11 (F11)

/* Select second menu item */
	menuitem2 = pf12 (F12)

/* Select third menu item */
	menuitem3 = pf13 (F13)

/* Select fourth menu item */
	menuitem4 = pf14 (F14)

/* Select fifth menu item */
	menuitem5 = pf15 (F15)

/* Move cursor to next field */
	nextfield = controlI (Tab)

/* Move cursor to previous field */
	previousfield = controlP (^P)

/* Switch between insert and overstrike mode */
	mode = controlE (^E)

/* Redraw the screen */
	redraw = controlW (^W)

/* Delete the character under the cursor */
	deletechar = controlD (^D)

/* Delete character immediately to left of cursor */
	rubout = controlDEL (Del)

/* Start default text editor on field */
	editor = controlV (^V)

/* Move to first column of of next row in table field */
	newrow = controlN (^N)

/* Clear out the rest of the field, and move to next field */
	clear = controlX (^X)

/* Clear out the rest of the field, and move to next field */
	clearrest = controlM (CR)

/* Auto-duplicate value while in fill mode */
	duplicate = controlA (^A)

/* Move up one word within field */
	nextword = controlB (^B)

/* Move back one word within field */
	previousword = controlR (^R)
