/* Copyright (c) 2004 Ingres Corporation */
/* FRS mapping file for IBM RT/PC console with Function Keys */

/* Menu Key */
	menu = pf1 (PF1)

/* Help facility */
	frskey1 = pf2 (PF2)

/* Exit the system */
	frskey2 = pf4 (PF4)

/* End current screen and return to previous screen */
	frskey3	= pf3 (PF3)

/* Go or execute function */
	frskey4 = controlM (Enter)

/* Put cursor on top of form or table field */
	frskey5 = controlK (^K)

/* Put cursor on bottom of form or table field */
	frskey6	= controlJ (^J)

/* Find next occurrence of string in this column of table field */
	frskey7	= controlF (^F)

/* Save object in database */
	frskey8 = pf16 (PF16)

/* Forget and Undo */
	frskey9 = pf17 (PF17)

/* Bring up List Choices */
	frskey10 = pf7 (PF7)

/* Scroll page or form left */
	scrollleft = controlL (^L)

/* Scroll page or form right */
	scrollright = controlDEL (Delete)

/* Previous screen or set of rows in table field */
	scrolldown = pf8 (PF8)

/* Next screen or set of rows in table field */
	scrollup = pf12 (PF12)

/* Print contents of current screen to file or printer */
	printscreen = controlG (^G)

/* Select first menu item */
	menuitem1 = pf13 (PF13)

/* Select second menu item */
	menuitem2 = pf14 (PF14)

/* Select third menu item */
	menuitem3 = pf15 (PF15)

/* Select fourth menu item */
	menuitem4 = pf9 (PF9)

/* Select fifth menu item */
	menuitem5 = pf10 (PF10)

/* Select sixth menu item */
	menuitem6 = pf11 (PF11)

/* Select seventh menu item */
	menuitem7 = pf5 (PF5)

/* Select eighth menu item */
	menuitem8 = pf6 (PF6)

/* Move cursor to next field */
	nextfield = controlI (Tab)

/* Move cursor to previous field */
	previousfield = controlP (^P)

/* Move up one word within field */
	nextword = controlU (^U)

/* Move back one word within field */
	previousword = controlR (^R)

/* Switch between insert and overstrike mode */
	mode = controlE (^E)

/* Redraw the screen */
	redraw = controlW (^W)

/* Delete the character under the cursor */
	deletechar = controlD (^D)

/* Delete character immediately to left of cursor */
	rubout = controlH (^H)

/* Start default text editor on field */
	editor = controlV (^V)

/* Move to first column of next row in table field */
	newrow = controlN (^N)

/* Clear out the rest of the field */
	clear = controlX (^X)

/* Clear out the rest of the field, and move to next field */
	clearrest = controlB (^B)

/* Auto-duplicate value while in fill mode */
	duplicate = controlA (^A)
