/*	"@(#)mwsplus.map	1.3"				*/
/*	Copyright (c) 2004 Ingres Corporation		*/
/*	All rights reserved.				*/
/*							*/
/*	Mapping file for MWS with MacPlus keyboard	*/


/* Skip field */
	skipfield = pf40 ( )

/* Next item */
	nextitem = pf39 ( )

/*	Menu items 1 thru 8 are selected via the keypad. */
/*	Menu item 9 not mapped. */

/* Select tenth menu item */
	menuitem10 = pf38 ( )

/* Select eleventh menu item */
	menuitem11 = pf37 ( )

/* Select twelfth menu item */
	menuitem12 = pf36 ( )

/* Help facility */
	frskey1 = pf2 (PF2)

/* Quit from program */
	frskey2	= pf4 (PF4)

/* End current screen and return to previous screen */
	frskey3	= pf3 (PF3)

/* Go or execute function */
	frskey4 = pf18 (Enter)

/* Put cursor on top of form or table field */
	frskey5 = controlK (^K)

/* Put cursor on bottom of form or table field */
	frskey6	= controlJ (^J)

/* Find next occurrence of string in this column of table field */
	frskey7	= controlF (^F)

/* Save object in database */
	frskey8 = pf16 (0)

/* Forget and Undo */
	frskey9 = pf17 (.)

/* Bring up List Choices */
	frskey10 = pf7 (9)

/* Scroll page or form left */
	scrollleft = controlL (^L)

/* Scroll page or form right */
	scrollright = controlH (^H)

/* Previous screen or set of rows in table field */
	scrolldown = pf8 (-)

/* Next screen or set of rows in table field */
	scrollup = pf12 (+)

/* Print contents of current screen to file or printer */
	printscreen = controlG (^G)

/* Select first menu item */
	menuitem1 = pf13 (1)

/* Select second menu item */
	menuitem2 = pf14 (2)

/* Select third menu item */
	menuitem3 = pf15 (3)

/* Select fourth menu item */
	menuitem4 = pf9 (4)

/* Select fifth menu item */
	menuitem5 = pf10 (5)

/* Select sixth menu item */
	menuitem6 = pf11 (6)

/* Select seventh menu item */
	menuitem7 = pf5 (7)

/* Select eighth menu item */
	menuitem8 = pf6 (8)

/* Move cursor to next field - defined to controlI in frs.map */

/* Move cursor to previous field - defined to controlP in frs.map */

/* Move up one word within field */
/*	nextword = controlU (^U) */

/* Move back one word within field - defined to controlR in frs.map */

/* Switch between insert and overstrike mode - defined to controlE in frs.map */

/* Redraw the screen - defined to controlW in frs.map */

/* Delete the character under the cursor - defined to controlD in frs.map */

/* Delete character immediately to left of cursor */
/* defined to controlDEL in frs.map */

/* Start default text editor on field - defined to controlV in frs.map */

/* Move to first column of next row in table field */
/* defined to controlN in frs.map */

/* Clear the field - defined to controlX in frs.map */

/* Clear out the rest of the field, and move to next field */
/* defined to controlM in frs.map */

/* Auto-duplicate value while in fill mode - defined to controlA in frs.map */
