/* Copyright (c) 2004 Ingres Corporation */
/* FRS mapping file for VT100 with Function Keys */

/* Menu Key */
	menu = pf1 (F5)

/* Help facility */
	frskey1 = pf2 (F6)

/* Exit the system */
	frskey2 = pf4 (F8)

/* End current screen and return to previous screen */
	frskey3	= pf3 (F7)

/* Go or execute function */
	frskey4 = pf18 (Enter)

/* Put cursor on top of form or table field */
	frskey5 = controlK (^K)

/* Put cursor on bottom of form or table field */
	frskey6	= controlJ (^J)

/* Find next occurrence of string in this column of table field */
	frskey7	= controlF (^F)

/* Save object in database */
	frskey8 = pf16 (0)

/* Forget and Undo */
	frskey9 = pf17 (.)

/* Bring up List Choices */
	frskey10 = pf7 (9)

/* Scroll page or form left */
	scrollleft = controlL (^L)

/* Scroll page or form right */
	scrollright = controlH (^H)

/* Previous screen or set of rows in table field */
	scrolldown = pf8 (-)

/* Next screen or set of rows in table field */
	scrollup = pf12 (,)

/* Print contents of current screen to file or printer */
	printscreen = controlG (^G)

/* Select first menu item */
	menuitem1 = pf13 (1)

/* Select second menu item */
	menuitem2 = pf14 (2)

/* Select third menu item */
	menuitem3 = pf15 (3)

/* Select fourth menu item */
	menuitem4 = pf9 (4)

/* Select fifth menu item */
	menuitem5 = pf10 (5)

/* Select sixth menu item */
	menuitem6 = pf11 (6)

/* Select seventh menu item */
	menuitem7 = pf5 (7)

/* Select eighth menu item */
	menuitem8 = pf6 (8)

/* Move cursor to next field */
	nextfield = controlI (Tab)

/* Move cursor to previous field */
	previousfield = controlP (^P)

/* Move up one word within field */
	nextword = controlU (^U)

/* Move back one word within field */
	previousword = controlR (^R)

/* Switch between insert and overstrike mode */
	mode = controlE (^E)

/* Redraw the screen */
	redraw = controlW (^W)

/* Delete the character under the cursor */
	deletechar = controlD (^D)

/* Delete character immediately to left of cursor */
	rubout = controlDEL (RubOut)

/* Start default text editor on field */
	editor = controlV (^V)

/* Move to first column of next row in table field */
	newrow = controlN (^N)

/* Clear out the rest of the field */
	clear = controlX (^X)

/* Clear out the rest of the field, and move to next field */
	clearrest = controlM (Return)

/* Auto-duplicate value while in fill mode */
	duplicate = controlA (^A)
